A shortest sequence of 2 moves is given by:

    [red] blue red
