A shortest sequence of 16 moves is given by:

    [0] 4 3 1 5 0 2 3 4 5 0 1 2 0 3 4 5
