A shortest sequence of 4 moves is given by:

    [0] 2 1 0 2
