A shortest sequence of 5 moves is given by:

    [0] 1 0 2 0 1
